******************************************************************************
                  TI ARM Linker PC v20.2.7                     
******************************************************************************
>> Linked Mon Mar 10 18:19:04 2025

OUTPUT FILE NAME:   <lab3.out>
ENTRY POINT SYMBOL: "_c_int00_noargs"  address: 00003259


MEMORY CONFIGURATION

         name            origin    length      used     unused   attr    fill
----------------------  --------  ---------  --------  --------  ----  --------
  FLASH                 00000000   00040000  0000357d  0003ca83  R  X
  SRAM                  20000000   00008000  0000231e  00005ce2  RW X


SEGMENT ALLOCATION MAP

run origin  load origin   length   init length attrs members
----------  ----------- ---------- ----------- ----- -------
00000000    00000000    00003580   00003580    r-x
  00000000    00000000    0000026c   0000026c    r-- .intvecs
  0000026c    0000026c    000031c8   000031c8    r-x .text
  00003434    00003434    00000109   00000109    r-- .const
  00003540    00003540    00000040   00000040    r-- .cinit
20000000    20000000    00002325   00000000    rw-
  20000000    20000000    0000026c   00000000    rw- .vtable
  20000270    20000270    00001000   00000000    rw- .stack
  20001270    20001270    00001000   00000000    rw- .sysmem
  20002270    20002270    000000a5   00000000    rw- .bss
  20002318    20002318    0000000d   00000000    rw- .data


SECTION ALLOCATION MAP

 output                                  attributes/
section   page    origin      length       input sections
--------  ----  ----------  ----------   ----------------
.intvecs   0    00000000    0000026c     
                  00000000    0000026c     tm4c123gh6pm_startup_ccs.obj (.intvecs)

.text      0    0000026c    000031c8     
                  0000026c    00000a4e     rtsv7M4_T_le_v4SPD16_eabi.lib : _printfi.c.obj (.text:__TI_printfi)
                  00000cba    00000002                                   : div0.asm.obj (.text)
                  00000cbc    000004d4     main.obj (.text)
                  00001190    00000328     lcd.obj (.text)
                  000014b8    00000270     rtsv7M4_T_le_v4SPD16_eabi.lib : _printfi.c.obj (.text:_pconv_a)
                  00001728    00000260     libcybotScan.lib : cyBot_Scan.obj (.text)
                  00001988    00000248     Timer.obj (.text)
                  00001bd0    000001ec     libcybotScan.lib : ping.obj (.text)
                  00001dbc    000001d0     rtsv7M4_T_le_v4SPD16_eabi.lib : _printfi.c.obj (.text:_pconv_g)
                  00001f8c    000001b6                                   : fd_add_t2.asm.obj (.text)
                  00002142    00000002     --HOLE-- [fill = 0]
                  00002144    0000015c     libcybotUART.lib : uart.obj (.text)
                  000022a0    00000158     libcybotScan.lib : servo.obj (.text)
                  000023f8    0000013c     rtsv7M4_T_le_v4SPD16_eabi.lib : _printfi.c.obj (.text:_pconv_e)
                  00002534    00000136                                   : fd_div_t2.asm.obj (.text)
                  0000266a    00000002     --HOLE-- [fill = 0]
                  0000266c    00000124                                   : _printfi.c.obj (.text:fcvt)
                  00002790    00000118     libcybotScan.lib : ir.obj (.text)
                  000028a8    00000110     rtsv7M4_T_le_v4SPD16_eabi.lib : s_scalbn.c.obj (.text:scalbn)
                  000029b8    000000fc                                   : fd_mul_t2.asm.obj (.text)
                  00002ab4    000000b1                                   : _printfi.c.obj (.text:_ltostr)
                  00002b65    00000001     --HOLE-- [fill = 0]
                  00002b66    0000009c                                   : memcpy_t2.asm.obj (.text)
                  00002c02    00000096                                   : ull_div_t2.asm.obj (.text)
                  00002c98    00000086                                   : fd_cmp_t2.asm.obj (.text:__aeabi_cdcmple)
                  00002d1e    00000086                                   : fd_cmp_t2.asm.obj (.text:__aeabi_cdrcmple)
                  00002da4    0000007a                                   : memset_t2.asm.obj (.text)
                  00002e1e    0000006e                                   : _printfi.c.obj (.text:_mcpy)
                  00002e8c    00000068                                   : copy_decompress_lzss.c.obj (.text:decompress:lzss:__TI_decompress_lzss)
                  00002ef4    00000064                                   : s_frexp.c.obj (.text:frexp)
                  00002f58    00000056                                   : _printfi.c.obj (.text:_pconv_f)
                  00002fae    00000054                                   : _ltoa.c.obj (.text:__TI_ltoa)
                  00003002    00000052                                   : _printfi.c.obj (.text:_ecpy)
                  00003054    0000004c                                   : atoi.c.obj (.text:atoi)
                  000030a0    00000048                                   : fd_toi_t2.asm.obj (.text)
                  000030e8    00000044                                   : autoinit.c.obj (.text:__TI_auto_init_nobinit_nopinit:__TI_auto_init_nobinit_nopinit)
                  0000312c    00000040                                   : sprintf.c.obj (.text:sprintf)
                  0000316c    00000040                                   : vsnprintf.c.obj (.text:vsnprintf)
                  000031ac    0000003e                                   : _printfi.c.obj (.text:_fcpy)
                  000031ea    00000038                                   : fs_tod_t2.asm.obj (.text)
                  00003222    00000002     --HOLE-- [fill = 0]
                  00003224    00000034     driverlib.lib : interrupt.obj (.text:IntRegister)
                  00003258    00000034     rtsv7M4_T_le_v4SPD16_eabi.lib : boot_cortex_m.c.obj (.text:_c_int00_noargs:_c_int00_noargs)
                  0000328c    00000030                                   : vsnprintf.c.obj (.text:_outs)
                  000032bc    0000002e                                   : i_tofd_t2.asm.obj (.text)
                  000032ea    0000001c                                   : copy_zero_init.c.obj (.text:decompress:ZI:__TI_zero_init_nomemset:__TI_zero_init_nomemset)
                  00003306    0000001c                                   : memccpy.c.obj (.text:memccpy)
                  00003322    0000001a                                   : s_copysign.c.obj (.text:copysign)
                  0000333c    00000018                                   : vsnprintf.c.obj (.text:_outc)
                  00003354    00000018                                   : sprintf.c.obj (.text:_outs)
                  0000336c    00000018                                   : strcmp.c.obj (.text:strcmp)
                  00003384    00000016                                   : strchr.c.obj (.text:strchr)
                  0000339a    00000014                                   : strcpy.c.obj (.text:strcpy)
                  000033ae    00000014                                   : strlen.c.obj (.text:strlen)
                  000033c2    00000012                                   : wcslen.c.obj (.text:wcslen)
                  000033d4    00000010     driverlib.lib : interrupt.obj (.text:IntMasterEnable)
                  000033e4    00000010     lcd.obj (.text:lcd_clear)
                  000033f4    0000000e     rtsv7M4_T_le_v4SPD16_eabi.lib : copy_decompress_none.c.obj (.text:decompress:none:__TI_decompress_none)
                  00003402    0000000c     driverlib.lib : cpu.obj (.text:CPUcpsie)
                  0000340e    0000000c     tm4c123gh6pm_startup_ccs.obj (.text)
                  0000341a    0000000a     rtsv7M4_T_le_v4SPD16_eabi.lib : sprintf.c.obj (.text:_outc)
                  00003424    00000008                                   : errno.c.obj (.text:__aeabi_errno_addr)
                  0000342c    00000004                                   : pre_init.c.obj (.text:_system_pre_init)
                  00003430    00000004                                   : exit.c.obj (.text:abort:abort)

.const     0    00003434    00000109     
                  00003434    00000101     rtsv7M4_T_le_v4SPD16_eabi.lib : ctype.c.obj (.const:.string:_ctypes_)
                  00003535    00000004     lcd.obj (.const:.string:lineAddress$1)
                  00003539    00000004     lcd.obj (.const:.string:lineAddresses$2)

.cinit     0    00003540    00000040     
                  00003540    0000000c     (__TI_handler_table)
                  0000354c    00000004     --HOLE-- [fill = 0]
                  00003550    00000008     (.cinit..bss.load) [load image, compression = zero_init]
                  00003558    00000008     (.cinit..vtable.load) [load image, compression = zero_init]
                  00003560    00000007     (.cinit..data.load) [load image, compression = lzss]
                  00003567    00000001     --HOLE-- [fill = 0]
                  00003568    00000018     (__TI_cinit_table)

.init_array 
*          0    00000000    00000000     UNINITIALIZED

.vtable    0    20000000    0000026c     UNINITIALIZED
                  20000000    0000026c     driverlib.lib : interrupt.obj (.vtable)

.stack     0    20000270    00001000     UNINITIALIZED
                  20000270    00000004     rtsv7M4_T_le_v4SPD16_eabi.lib : boot_cortex_m.c.obj (.stack)
                  20000274    00000ffc     --HOLE--

.sysmem    0    20001270    00001000     UNINITIALIZED
                  20001270    00000010     rtsv7M4_T_le_v4SPD16_eabi.lib : memory.c.obj (.sysmem)
                  20001280    00000ff0     --HOLE--

.bss       0    20002270    000000a5     UNINITIALIZED
                  20002270    00000054     lcd.obj (.bss:lastbuffer$3)
                  200022c4    00000034     (.common:isr_char_buffer)
                  200022f8    00000004     (.common:_timeout_ticks)
                  200022fc    00000004     (.common:fallingEdge)
                  20002300    00000004     (.common:isr_int_value)
                  20002304    00000004     (.common:left_calibration_value)
                  20002308    00000004     (.common:pulseLength)
                  2000230c    00000004     (.common:right_calibration_value)
                  20002310    00000004     (.common:risingEdge)
                  20002314    00000001     (.common:isRisingEdge)

.data      0    20002318    0000000d     UNINITIALIZED
                  20002318    00000004     libcybotScan.lib : cyBot_Scan.obj (.data)
                  2000231c    00000004     libcybotUART.lib : uart.obj (.data)
                  20002320    00000004     rtsv7M4_T_le_v4SPD16_eabi.lib : errno.c.obj (.data)
                  20002324    00000001     Timer.obj (.data)

__llvm_prf_cnts 
*          0    20000000    00000000     UNINITIALIZED

MODULE SUMMARY

       Module                         code    ro data   rw data
       ------                         ----    -------   -------
    .\
       main.obj                       1236    0         8      
       lcd.obj                        824     8         84     
       tm4c123gh6pm_startup_ccs.obj   12      620       0      
       Timer.obj                      584     0         5      
    +--+------------------------------+-------+---------+---------+
       Total:                         2656    628       97     
                                                               
    ../libcybotScan.lib
       cyBot_Scan.obj                 608     0         4      
       ping.obj                       492     0         13     
       servo.obj                      344     0         0      
       ir.obj                         280     0         4      
    +--+------------------------------+-------+---------+---------+
       Total:                         1724    0         21     
                                                               
    ../libcybotUART.lib
       uart.obj                       348     0         56     
    +--+------------------------------+-------+---------+---------+
       Total:                         348     0         56     
                                                               
    C:/ti/TivaWare_C_Series-2.2.0.295/driverlib/ccs/Debug/driverlib.lib
       interrupt.obj                  68      0         620    
       cpu.obj                        12      0         0      
    +--+------------------------------+-------+---------+---------+
       Total:                         80      0         620    
                                                               
    C:\ti\ccs1271\ccs\tools\compiler\ti-cgt-arm_20.2.7.LTS\lib\rtsv7M4_T_le_v4SPD16_eabi.lib
       _printfi.c.obj                 4851    0         0      
       fd_add_t2.asm.obj              438     0         0      
       fd_div_t2.asm.obj              310     0         0      
       s_scalbn.c.obj                 272     0         0      
       fd_cmp_t2.asm.obj              268     0         0      
       ctype.c.obj                    0       257       0      
       fd_mul_t2.asm.obj              252     0         0      
       memcpy_t2.asm.obj              156     0         0      
       ull_div_t2.asm.obj             150     0         0      
       vsnprintf.c.obj                136     0         0      
       memset_t2.asm.obj              122     0         0      
       copy_decompress_lzss.c.obj     104     0         0      
       s_frexp.c.obj                  100     0         0      
       sprintf.c.obj                  98      0         0      
       _ltoa.c.obj                    84      0         0      
       atoi.c.obj                     76      0         0      
       fd_toi_t2.asm.obj              72      0         0      
       autoinit.c.obj                 68      0         0      
       fs_tod_t2.asm.obj              56      0         0      
       boot_cortex_m.c.obj            52      0         0      
       i_tofd_t2.asm.obj              46      0         0      
       copy_zero_init.c.obj           28      0         0      
       memccpy.c.obj                  28      0         0      
       s_copysign.c.obj               26      0         0      
       strcmp.c.obj                   24      0         0      
       strchr.c.obj                   22      0         0      
       strcpy.c.obj                   20      0         0      
       strlen.c.obj                   20      0         0      
       wcslen.c.obj                   18      0         0      
       copy_decompress_none.c.obj     14      0         0      
       errno.c.obj                    8       0         4      
       exit.c.obj                     4       0         0      
       pre_init.c.obj                 4       0         0      
       div0.asm.obj                   2       0         0      
    +--+------------------------------+-------+---------+---------+
       Total:                         7929    257       4      
                                                               
       Heap:                          0       0         4096   
       Stack:                         0       0         4096   
       Linker Generated:              0       59        0      
    +--+------------------------------+-------+---------+---------+
       Grand Total:                   12737   944       8990   


LINKER GENERATED COPY TABLES

__TI_cinit_table @ 00003568 records: 3, size/record: 8, table size: 24
	.bss: load addr=00003550, load size=00000008 bytes, run addr=20002270, run size=000000a5 bytes, compression=zero_init
	.vtable: load addr=00003558, load size=00000008 bytes, run addr=20000000, run size=0000026c bytes, compression=zero_init
	.data: load addr=00003560, load size=00000007 bytes, run addr=20002318, run size=0000000d bytes, compression=lzss


LINKER GENERATED HANDLER TABLE

__TI_handler_table @ 00003540 records: 3, size/record: 4, table size: 12
	index: 0, handler: __TI_zero_init
	index: 1, handler: __TI_decompress_lzss
	index: 2, handler: __TI_decompress_none


GLOBAL SYMBOLS: SORTED ALPHABETICALLY BY Name 

address   name                          
-------   ----                          
00002829  ADC0SS0_Handler               
00003431  C$$EXIT                       
00003403  CPUcpsie                      
000033d5  IntMasterEnable               
00003225  IntRegister                   
0000340f  ResetISR                      
00001cc1  TIMER3B_Handler               
20001270  __STACK_END                   
00001000  __STACK_SIZE                  
20000470  __STACK_TOP                   
00001000  __SYSMEM_SIZE                 
00003568  __TI_CINIT_Base               
00003580  __TI_CINIT_Limit              
00003540  __TI_Handler_Table_Base       
0000354c  __TI_Handler_Table_Limit      
000030e9  __TI_auto_init_nobinit_nopinit
00002e8d  __TI_decompress_lzss          
000033f5  __TI_decompress_none          
00002faf  __TI_ltoa                     
ffffffff  __TI_pprof_out_hndl           
0000026d  __TI_printfi                  
ffffffff  __TI_prof_data_size           
ffffffff  __TI_prof_data_start          
00000000  __TI_static_base__            
000032eb  __TI_zero_init_nomemset       
00002c99  __aeabi_cdcmpeq               
00002c99  __aeabi_cdcmple               
00002d1f  __aeabi_cdrcmple              
000030a1  __aeabi_d2iz                  
00001f97  __aeabi_dadd                  
00002535  __aeabi_ddiv                  
000029b9  __aeabi_dmul                  
00001f8d  __aeabi_dsub                  
00003425  __aeabi_errno_addr            
000031eb  __aeabi_f2d                   
000032bd  __aeabi_i2d                   
00000cbb  __aeabi_idiv0                 
00000cbb  __aeabi_ldiv0                 
00002da5  __aeabi_memclr                
00002da5  __aeabi_memclr4               
00002da5  __aeabi_memclr8               
00002b67  __aeabi_memcpy                
00002b67  __aeabi_memcpy4               
00002b67  __aeabi_memcpy8               
00002da7  __aeabi_memset                
00002da7  __aeabi_memset4               
00002da7  __aeabi_memset8               
00002c03  __aeabi_uldivmod              
ffffffff  __binit__                     
ffffffff  __c_args__                    
UNDEFED   __mpu_init                    
20000270  __stack                       
20000000  __start___llvm_prf_cnts       
20000000  __stop___llvm_prf_cnts        
00003259  _c_int00_noargs               
00003434  _ctypes_                      
20002324  _running                      
20001270  _sys_memory                   
UNDEFED   _system_post_cinit            
0000342d  _system_pre_init              
200022f8  _timeout_ticks                
00003431  abort                         
00003055  atoi                          
ffffffff  binit                         
00003323  copysign                      
00003323  copysignl                     
00001801  cyBOT_SERVO_cal               
0000178f  cyBOT_Scan                    
00001737  cyBOT_init_Scan               
20002318  cyBOT_scan_features           
00001729  cyBOT_scan_version            
0000224d  cyBot_UART1_Handler           
00002233  cyBot_getByte                 
00002145  cyBot_sendByte                
00002215  cyBot_uart_flush              
00002183  cyBot_uart_init               
0000216b  cyBot_uart_sendBuffer         
00002151  cyBot_uart_sendStr            
20002320  errno                         
200022fc  fallingEdge                   
00002ef5  frexp                         
00002ef5  frexpl                        
20000000  g_pfnRAMVectors               
00000000  g_pfnVectors                  
00000cdb  get_filtered_distance         
0000283f  ir_enableInterrupt            
00002821  ir_getDistance                
000027f9  ir_getValue                   
00002791  ir_init                       
20002314  isRisingEdge                  
200022c4  isr_char_buffer               
2000231c  isr_counter                   
20002300  isr_int_value                 
000033e5  lcd_clear                     
00001365  lcd_gotoLine                  
000011cd  lcd_init                      
000013cb  lcd_printf                    
0000128d  lcd_putc                      
000012c5  lcd_puts                      
00001191  lcd_reverseNibble             
000012e3  lcd_sendCommand               
00001321  lcd_sendNibble                
0000138d  lcd_setCursorPos              
000028a9  ldexp                         
000028a9  ldexpl                        
20002304  left_calibration_value        
00001079  main                          
00003307  memccpy                       
00002b67  memcpy                        
00002dad  memset                        
00001d13  ping_getDistance              
00001bd1  ping_init                     
00001c57  ping_trigger                  
20002308  pulseLength                   
2000230c  right_calibration_value       
20002310  risingEdge                    
000028a9  scalbn                        
000028a9  scalbnl                       
00000d75  scan_and_detect_objects       
000022a1  servo_init                    
00002331  servo_move                    
00002391  servo_setPWM                  
00002325  servo_stop                    
0000312d  sprintf                       
00003385  strchr                        
0000336d  strcmp                        
0000339b  strcpy                        
00000cbd  string_Printf                 
000033af  strlen                        
00001aa7  timer_getMicros               
00001a4f  timer_getMillis               
00001989  timer_init                    
00001a2b  timer_pause                   
00001a3d  timer_resume                  
00001a01  timer_stop                    
00001b01  timer_waitMicros              
00001b33  timer_waitMillis              
0000316d  vsnprintf                     
000033c3  wcslen                        


GLOBAL SYMBOLS: SORTED BY Symbol Address 

address   name                          
-------   ----                          
00000000  __TI_static_base__            
00000000  g_pfnVectors                  
0000026d  __TI_printfi                  
00000cbb  __aeabi_idiv0                 
00000cbb  __aeabi_ldiv0                 
00000cbd  string_Printf                 
00000cdb  get_filtered_distance         
00000d75  scan_and_detect_objects       
00001000  __STACK_SIZE                  
00001000  __SYSMEM_SIZE                 
00001079  main                          
00001191  lcd_reverseNibble             
000011cd  lcd_init                      
0000128d  lcd_putc                      
000012c5  lcd_puts                      
000012e3  lcd_sendCommand               
00001321  lcd_sendNibble                
00001365  lcd_gotoLine                  
0000138d  lcd_setCursorPos              
000013cb  lcd_printf                    
00001729  cyBOT_scan_version            
00001737  cyBOT_init_Scan               
0000178f  cyBOT_Scan                    
00001801  cyBOT_SERVO_cal               
00001989  timer_init                    
00001a01  timer_stop                    
00001a2b  timer_pause                   
00001a3d  timer_resume                  
00001a4f  timer_getMillis               
00001aa7  timer_getMicros               
00001b01  timer_waitMicros              
00001b33  timer_waitMillis              
00001bd1  ping_init                     
00001c57  ping_trigger                  
00001cc1  TIMER3B_Handler               
00001d13  ping_getDistance              
00001f8d  __aeabi_dsub                  
00001f97  __aeabi_dadd                  
00002145  cyBot_sendByte                
00002151  cyBot_uart_sendStr            
0000216b  cyBot_uart_sendBuffer         
00002183  cyBot_uart_init               
00002215  cyBot_uart_flush              
00002233  cyBot_getByte                 
0000224d  cyBot_UART1_Handler           
000022a1  servo_init                    
00002325  servo_stop                    
00002331  servo_move                    
00002391  servo_setPWM                  
00002535  __aeabi_ddiv                  
00002791  ir_init                       
000027f9  ir_getValue                   
00002821  ir_getDistance                
00002829  ADC0SS0_Handler               
0000283f  ir_enableInterrupt            
000028a9  ldexp                         
000028a9  ldexpl                        
000028a9  scalbn                        
000028a9  scalbnl                       
000029b9  __aeabi_dmul                  
00002b67  __aeabi_memcpy                
00002b67  __aeabi_memcpy4               
00002b67  __aeabi_memcpy8               
00002b67  memcpy                        
00002c03  __aeabi_uldivmod              
00002c99  __aeabi_cdcmpeq               
00002c99  __aeabi_cdcmple               
00002d1f  __aeabi_cdrcmple              
00002da5  __aeabi_memclr                
00002da5  __aeabi_memclr4               
00002da5  __aeabi_memclr8               
00002da7  __aeabi_memset                
00002da7  __aeabi_memset4               
00002da7  __aeabi_memset8               
00002dad  memset                        
00002e8d  __TI_decompress_lzss          
00002ef5  frexp                         
00002ef5  frexpl                        
00002faf  __TI_ltoa                     
00003055  atoi                          
000030a1  __aeabi_d2iz                  
000030e9  __TI_auto_init_nobinit_nopinit
0000312d  sprintf                       
0000316d  vsnprintf                     
000031eb  __aeabi_f2d                   
00003225  IntRegister                   
00003259  _c_int00_noargs               
000032bd  __aeabi_i2d                   
000032eb  __TI_zero_init_nomemset       
00003307  memccpy                       
00003323  copysign                      
00003323  copysignl                     
0000336d  strcmp                        
00003385  strchr                        
0000339b  strcpy                        
000033af  strlen                        
000033c3  wcslen                        
000033d5  IntMasterEnable               
000033e5  lcd_clear                     
000033f5  __TI_decompress_none          
00003403  CPUcpsie                      
0000340f  ResetISR                      
00003425  __aeabi_errno_addr            
0000342d  _system_pre_init              
00003431  C$$EXIT                       
00003431  abort                         
00003434  _ctypes_                      
00003540  __TI_Handler_Table_Base       
0000354c  __TI_Handler_Table_Limit      
00003568  __TI_CINIT_Base               
00003580  __TI_CINIT_Limit              
20000000  __start___llvm_prf_cnts       
20000000  __stop___llvm_prf_cnts        
20000000  g_pfnRAMVectors               
20000270  __stack                       
20000470  __STACK_TOP                   
20001270  __STACK_END                   
20001270  _sys_memory                   
200022c4  isr_char_buffer               
200022f8  _timeout_ticks                
200022fc  fallingEdge                   
20002300  isr_int_value                 
20002304  left_calibration_value        
20002308  pulseLength                   
2000230c  right_calibration_value       
20002310  risingEdge                    
20002314  isRisingEdge                  
20002318  cyBOT_scan_features           
2000231c  isr_counter                   
20002320  errno                         
20002324  _running                      
ffffffff  __TI_pprof_out_hndl           
ffffffff  __TI_prof_data_size           
ffffffff  __TI_prof_data_start          
ffffffff  __binit__                     
ffffffff  __c_args__                    
ffffffff  binit                         
UNDEFED   __mpu_init                    
UNDEFED   _system_post_cinit            

[139 symbols]
