******************************************************************************
                  TI ARM Linker PC v20.2.7                     
******************************************************************************
>> Linked Wed Apr  2 12:48:34 2025

OUTPUT FILE NAME:   <Lab7.2.out>
ENTRY POINT SYMBOL: "_c_int00_noargs"  address: 00004fe1


MEMORY CONFIGURATION

         name            origin    length      used     unused   attr    fill
----------------------  --------  ---------  --------  --------  ----  --------
  FLASH                 00000000   00040000  000053cf  0003ac31  R  X
  SRAM                  20000000   00008000  00002349  00005cb7  RW X


SEGMENT ALLOCATION MAP

run origin  load origin   length   init length attrs members
----------  ----------- ---------- ----------- ----- -------
00000000    00000000    000053d8   000053d8    r-x
  00000000    00000000    0000026c   0000026c    r-- .intvecs
  0000026c    0000026c    00004fb8   00004fb8    r-x .text
  00005228    00005228    0000014b   0000014b    r-- .const
  00005378    00005378    00000060   00000060    r-- .cinit
20000000    20000000    00002350   00000000    rw-
  20000000    20000000    0000026c   00000000    rw- .vtable
  20000270    20000270    00001000   00000000    rw- .stack
  20001270    20001270    00001000   00000000    rw- .sysmem
  20002270    20002270    00000089   00000000    rw- .bss
  200022fc    200022fc    00000054   00000000    rw- .data


SECTION ALLOCATION MAP

 output                                  attributes/
section   page    origin      length       input sections
--------  ----  ----------  ----------   ----------------
.intvecs   0    00000000    0000026c     
                  00000000    0000026c     tm4c123gh6pm_startup_ccs.obj (.intvecs)

.text      0    0000026c    00004fb8     
                  0000026c    00000d64     main.obj (.text)
                  00000fd0    00000c20     open_interface.obj (.text)
                  00001bf0    00000a4e     rtsv7M4_T_le_v4SPD16_eabi.lib : _printfi.c.obj (.text:__TI_printfi)
                  0000263e    00000002                                   : _lock.c.obj (.text:_nop)
                  00002640    00000328                                   : e_exp.c.obj (.text:exp)
                  00002968    00000328     lcd.obj (.text)
                  00002c90    00000270     rtsv7M4_T_le_v4SPD16_eabi.lib : _printfi.c.obj (.text:_pconv_a)
                  00002f00    00000260     libcybotScan.lib : cyBot_Scan.obj (.text)
                  00003160    0000024c     uart-interrupt.obj (.text)
                  000033ac    00000248     Timer.obj (.text)
                  000035f4    000001ec     libcybotScan.lib : ping.obj (.text)
                  000037e0    000001d0     rtsv7M4_T_le_v4SPD16_eabi.lib : _printfi.c.obj (.text:_pconv_g)
                  000039b0    000001c4     movement.obj (.text)
                  00003b74    000001b6     rtsv7M4_T_le_v4SPD16_eabi.lib : fd_add_t2.asm.obj (.text)
                  00003d2a    00000002                                   : div0.asm.obj (.text)
                  00003d2c    00000158     libcybotScan.lib : servo.obj (.text)
                  00003e84    0000013c     rtsv7M4_T_le_v4SPD16_eabi.lib : _printfi.c.obj (.text:_pconv_e)
                  00003fc0    00000136                                   : fd_div_t2.asm.obj (.text)
                  000040f6    00000002     --HOLE-- [fill = 0]
                  000040f8    00000124                                   : _printfi.c.obj (.text:fcvt)
                  0000421c    00000118     libcybotScan.lib : ir.obj (.text)
                  00004334    00000110     rtsv7M4_T_le_v4SPD16_eabi.lib : s_scalbn.c.obj (.text:scalbn)
                  00004444    00000100                                   : memory.c.obj (.text:aligned_alloc)
                  00004544    000000fc                                   : fd_mul_t2.asm.obj (.text)
                  00004640    000000e4                                   : memory.c.obj (.text:free)
                  00004724    000000b1                                   : _printfi.c.obj (.text:_ltostr)
                  000047d5    00000001     --HOLE-- [fill = 0]
                  000047d6    0000009c                                   : memcpy_t2.asm.obj (.text)
                  00004872    00000096                                   : ull_div_t2.asm.obj (.text)
                  00004908    00000086                                   : fd_cmp_t2.asm.obj (.text:__aeabi_cdcmple)
                  0000498e    00000086                                   : fd_cmp_t2.asm.obj (.text:__aeabi_cdrcmple)
                  00004a14    0000007a                                   : memset_t2.asm.obj (.text)
                  00004a8e    00000002     --HOLE-- [fill = 0]
                  00004a90    00000070                                   : memory.c.obj (.text:split)
                  00004b00    0000006e                                   : _printfi.c.obj (.text:_mcpy)
                  00004b6e    0000006e                                   : fd_tos_t2.asm.obj (.text)
                  00004bdc    00000068                                   : copy_decompress_lzss.c.obj (.text:decompress:lzss:__TI_decompress_lzss)
                  00004c44    00000064                                   : s_frexp.c.obj (.text:frexp)
                  00004ca8    00000056                                   : _printfi.c.obj (.text:_pconv_f)
                  00004cfe    00000054                                   : _ltoa.c.obj (.text:__TI_ltoa)
                  00004d52    00000052                                   : _printfi.c.obj (.text:_ecpy)
                  00004da4    0000004c                                   : atoi.c.obj (.text:atoi)
                  00004df0    00000048                                   : fd_toi_t2.asm.obj (.text)
                  00004e38    00000044                                   : autoinit.c.obj (.text:__TI_auto_init_nobinit_nopinit:__TI_auto_init_nobinit_nopinit)
                  00004e7c    00000040                                   : sprintf.c.obj (.text:sprintf)
                  00004ebc    00000040                                   : vsnprintf.c.obj (.text:vsnprintf)
                  00004efc    0000003e                                   : _printfi.c.obj (.text:_fcpy)
                  00004f3a    00000002     --HOLE-- [fill = 0]
                  00004f3c    00000038                                   : memory.c.obj (.text:calloc)
                  00004f74    00000038                                   : fs_tod_t2.asm.obj (.text)
                  00004fac    00000034     driverlib.lib : interrupt.obj (.text:IntRegister)
                  00004fe0    00000034     rtsv7M4_T_le_v4SPD16_eabi.lib : boot_cortex_m.c.obj (.text:_c_int00_noargs:_c_int00_noargs)
                  00005014    00000030                                   : vsnprintf.c.obj (.text:_outs)
                  00005044    0000002e                                   : i_tofd_t2.asm.obj (.text)
                  00005072    00000002     --HOLE-- [fill = 0]
                  00005074    00000028                                   : memory.c.obj (.text:free_list_insert)
                  0000509c    0000001c                                   : copy_zero_init.c.obj (.text:decompress:ZI:__TI_zero_init_nomemset:__TI_zero_init_nomemset)
                  000050b8    0000001c                                   : memory.c.obj (.text:free_list_remove)
                  000050d4    0000001c                                   : memccpy.c.obj (.text:memccpy)
                  000050f0    0000001a                                   : s_copysign.c.obj (.text:copysign)
                  0000510a    00000018                                   : vsnprintf.c.obj (.text:_outc)
                  00005122    00000018                                   : sprintf.c.obj (.text:_outs)
                  0000513a    00000018     open_interface.obj (.text:oi_parseInt)
                  00005152    00000018     rtsv7M4_T_le_v4SPD16_eabi.lib : strcmp.c.obj (.text:strcmp)
                  0000516a    00000016                                   : strchr.c.obj (.text:strchr)
                  00005180    00000014                                   : strcpy.c.obj (.text:strcpy)
                  00005194    00000014                                   : strlen.c.obj (.text:strlen)
                  000051a8    00000012                                   : wcslen.c.obj (.text:wcslen)
                  000051ba    00000010     driverlib.lib : interrupt.obj (.text:IntMasterEnable)
                  000051ca    00000010     lcd.obj (.text:lcd_clear)
                  000051da    0000000e     rtsv7M4_T_le_v4SPD16_eabi.lib : copy_decompress_none.c.obj (.text:decompress:none:__TI_decompress_none)
                  000051e8    0000000c     driverlib.lib : cpu.obj (.text:CPUcpsie)
                  000051f4    0000000c     tm4c123gh6pm_startup_ccs.obj (.text)
                  00005200    0000000a     rtsv7M4_T_le_v4SPD16_eabi.lib : sprintf.c.obj (.text:_outc)
                  0000520a    00000002     --HOLE-- [fill = 0]
                  0000520c    00000008                                   : errno.c.obj (.text:__aeabi_errno_addr)
                  00005214    00000008                                   : memory.c.obj (.text:malloc)
                  0000521c    00000004                                   : pre_init.c.obj (.text:_system_pre_init)
                  00005220    00000004                                   : exit.c.obj (.text:abort:abort)

.const     0    00005228    0000014b     
                  00005228    00000101     rtsv7M4_T_le_v4SPD16_eabi.lib : ctype.c.obj (.const:.string:_ctypes_)
                  00005329    00000004     lcd.obj (.const:.string:lineAddress$1)
                  0000532d    00000003     --HOLE-- [fill = 0]
                  00005330    00000030     rtsv7M4_T_le_v4SPD16_eabi.lib : e_exp.c.obj (.const:$O1$$)
                  00005360    0000000f     open_interface.obj (.const:.string:$P$T0$3)
                  0000536f    00000004     lcd.obj (.const:.string:lineAddresses$2)

.cinit     0    00005378    00000060     
                  00005378    00000025     (.cinit..data.load) [load image, compression = lzss]
                  0000539d    00000003     --HOLE-- [fill = 0]
                  000053a0    0000000c     (__TI_handler_table)
                  000053ac    00000004     --HOLE-- [fill = 0]
                  000053b0    00000008     (.cinit..bss.load) [load image, compression = zero_init]
                  000053b8    00000008     (.cinit..vtable.load) [load image, compression = zero_init]
                  000053c0    00000018     (__TI_cinit_table)

.init_array 
*          0    00000000    00000000     UNINITIALIZED

.vtable    0    20000000    0000026c     UNINITIALIZED
                  20000000    0000026c     driverlib.lib : interrupt.obj (.vtable)

.stack     0    20000270    00001000     UNINITIALIZED
                  20000270    00000004     rtsv7M4_T_le_v4SPD16_eabi.lib : boot_cortex_m.c.obj (.stack)
                  20000274    00000ffc     --HOLE--

.sysmem    0    20001270    00001000     UNINITIALIZED
                  20001270    00000010     rtsv7M4_T_le_v4SPD16_eabi.lib : memory.c.obj (.sysmem)
                  20001280    00000ff0     --HOLE--

.bss       0    20002270    00000089     UNINITIALIZED
                  20002270    00000054     lcd.obj (.bss:lastbuffer$3)
                  200022c4    00000018     open_interface.obj (.bss:firmware$2)
                  200022dc    00000004     (.common:_timeout_ticks)
                  200022e0    00000004     (.common:fallingEdge)
                  200022e4    00000004     (.common:isr_int_value)
                  200022e8    00000004     (.common:left_calibration_value)
                  200022ec    00000004     (.common:pulseLength)
                  200022f0    00000004     (.common:right_calibration_value)
                  200022f4    00000004     (.common:risingEdge)
                  200022f8    00000001     (.common:isRisingEdge)

.data      0    200022fc    00000054     UNINITIALIZED
                  200022fc    00000020     open_interface.obj (.data)
                  2000231c    00000016     uart-interrupt.obj (.data)
                  20002332    00000001     Timer.obj (.data)
                  20002333    00000001     --HOLE--
                  20002334    00000008     rtsv7M4_T_le_v4SPD16_eabi.lib : _lock.c.obj (.data:$O1$$)
                  2000233c    00000008                                   : memory.c.obj (.data:$O1$$)
                  20002344    00000004     libcybotScan.lib : cyBot_Scan.obj (.data)
                  20002348    00000004     main.obj (.data)
                  2000234c    00000004     rtsv7M4_T_le_v4SPD16_eabi.lib : errno.c.obj (.data)

__llvm_prf_cnts 
*          0    20000000    00000000     UNINITIALIZED

MODULE SUMMARY

       Module                         code    ro data   rw data
       ------                         ----    -------   -------
    .\
       main.obj                       3428    0         12     
       open_interface.obj             3128    15        56     
       lcd.obj                        824     8         84     
       tm4c123gh6pm_startup_ccs.obj   12      620       0      
       uart-interrupt.obj             588     0         22     
       Timer.obj                      584     0         5      
       movement.obj                   452     0         0      
    +--+------------------------------+-------+---------+---------+
       Total:                         9016    643       179    
                                                               
    ../libcybotScan.lib
       cyBot_Scan.obj                 608     0         4      
       ping.obj                       492     0         13     
       servo.obj                      344     0         0      
       ir.obj                         280     0         4      
    +--+------------------------------+-------+---------+---------+
       Total:                         1724    0         21     
                                                               
    C:/ti/TivaWare_C_Series-2.2.0.295/driverlib/ccs/Debug/driverlib.lib
       interrupt.obj                  68      0         620    
       cpu.obj                        12      0         0      
    +--+------------------------------+-------+---------+---------+
       Total:                         80      0         620    
                                                               
    C:\ti\ccs1271\ccs\tools\compiler\ti-cgt-arm_20.2.7.LTS\lib\rtsv7M4_T_le_v4SPD16_eabi.lib
       _printfi.c.obj                 4851    0         0      
       e_exp.c.obj                    808     48        0      
       memory.c.obj                   728     0         8      
       fd_add_t2.asm.obj              438     0         0      
       fd_div_t2.asm.obj              310     0         0      
       s_scalbn.c.obj                 272     0         0      
       fd_cmp_t2.asm.obj              268     0         0      
       ctype.c.obj                    0       257       0      
       fd_mul_t2.asm.obj              252     0         0      
       memcpy_t2.asm.obj              156     0         0      
       ull_div_t2.asm.obj             150     0         0      
       vsnprintf.c.obj                136     0         0      
       memset_t2.asm.obj              122     0         0      
       fd_tos_t2.asm.obj              110     0         0      
       copy_decompress_lzss.c.obj     104     0         0      
       s_frexp.c.obj                  100     0         0      
       sprintf.c.obj                  98      0         0      
       _ltoa.c.obj                    84      0         0      
       atoi.c.obj                     76      0         0      
       fd_toi_t2.asm.obj              72      0         0      
       autoinit.c.obj                 68      0         0      
       fs_tod_t2.asm.obj              56      0         0      
       boot_cortex_m.c.obj            52      0         0      
       i_tofd_t2.asm.obj              46      0         0      
       copy_zero_init.c.obj           28      0         0      
       memccpy.c.obj                  28      0         0      
       s_copysign.c.obj               26      0         0      
       strcmp.c.obj                   24      0         0      
       strchr.c.obj                   22      0         0      
       strcpy.c.obj                   20      0         0      
       strlen.c.obj                   20      0         0      
       wcslen.c.obj                   18      0         0      
       copy_decompress_none.c.obj     14      0         0      
       errno.c.obj                    8       0         4      
       _lock.c.obj                    2       0         8      
       exit.c.obj                     4       0         0      
       pre_init.c.obj                 4       0         0      
       div0.asm.obj                   2       0         0      
    +--+------------------------------+-------+---------+---------+
       Total:                         9577    305       20     
                                                               
       Heap:                          0       0         4096   
       Stack:                         0       0         4096   
       Linker Generated:              0       89        0      
    +--+------------------------------+-------+---------+---------+
       Grand Total:                   20397   1037      9032   


LINKER GENERATED COPY TABLES

__TI_cinit_table @ 000053c0 records: 3, size/record: 8, table size: 24
	.data: load addr=00005378, load size=00000025 bytes, run addr=200022fc, run size=00000054 bytes, compression=lzss
	.bss: load addr=000053b0, load size=00000008 bytes, run addr=20002270, run size=00000089 bytes, compression=zero_init
	.vtable: load addr=000053b8, load size=00000008 bytes, run addr=20000000, run size=0000026c bytes, compression=zero_init


LINKER GENERATED HANDLER TABLE

__TI_handler_table @ 000053a0 records: 3, size/record: 4, table size: 12
	index: 0, handler: __TI_zero_init
	index: 1, handler: __TI_decompress_lzss
	index: 2, handler: __TI_decompress_none


GLOBAL SYMBOLS: SORTED ALPHABETICALLY BY Name 

address   name                          
-------   ----                          
000042b5  ADC0SS0_Handler               
00005221  C$$EXIT                       
000051e9  CPUcpsie                      
00001927  GPIOF_Handler                 
000051bb  IntMasterEnable               
00004fad  IntRegister                   
000051f5  ResetISR                      
000036e5  TIMER3B_Handler               
00003295  UART1_Handler                 
20001270  __STACK_END                   
00001000  __STACK_SIZE                  
20000470  __STACK_TOP                   
00001000  __SYSMEM_SIZE                 
000053c0  __TI_CINIT_Base               
000053d8  __TI_CINIT_Limit              
000053a0  __TI_Handler_Table_Base       
000053ac  __TI_Handler_Table_Limit      
00004e39  __TI_auto_init_nobinit_nopinit
00004bdd  __TI_decompress_lzss          
000051db  __TI_decompress_none          
00004cff  __TI_ltoa                     
ffffffff  __TI_pprof_out_hndl           
00001bf1  __TI_printfi                  
ffffffff  __TI_prof_data_size           
ffffffff  __TI_prof_data_start          
00000000  __TI_static_base__            
0000509d  __TI_zero_init_nomemset       
00004909  __aeabi_cdcmpeq               
00004909  __aeabi_cdcmple               
0000498f  __aeabi_cdrcmple              
00004b6f  __aeabi_d2f                   
00004df1  __aeabi_d2iz                  
00003b7f  __aeabi_dadd                  
00003fc1  __aeabi_ddiv                  
00004545  __aeabi_dmul                  
00003b75  __aeabi_dsub                  
0000520d  __aeabi_errno_addr            
00004f75  __aeabi_f2d                   
00005045  __aeabi_i2d                   
00003d2b  __aeabi_idiv0                 
00003d2b  __aeabi_ldiv0                 
00004a15  __aeabi_memclr                
00004a15  __aeabi_memclr4               
00004a15  __aeabi_memclr8               
000047d7  __aeabi_memcpy                
000047d7  __aeabi_memcpy4               
000047d7  __aeabi_memcpy8               
00004a17  __aeabi_memset                
00004a17  __aeabi_memset4               
00004a17  __aeabi_memset8               
00004873  __aeabi_uldivmod              
ffffffff  __binit__                     
ffffffff  __c_args__                    
UNDEFED   __mpu_init                    
20000270  __stack                       
20000000  __start___llvm_prf_cnts       
20000000  __stop___llvm_prf_cnts        
00004fe1  _c_int00_noargs               
00005228  _ctypes_                      
20002334  _lock                         
0000263f  _nop                          
20002332  _running                      
20001270  _sys_memory                   
UNDEFED   _system_post_cinit            
0000521d  _system_pre_init              
200022dc  _timeout_ticks                
20002338  _unlock                       
00005221  abort                         
00004445  aligned_alloc                 
00004da5  atoi                          
ffffffff  binit                         
00004f3d  calloc                        
2000231c  command_byte_go               
20002324  command_byte_stop             
20002320  command_flag_go               
2000232c  command_flag_manual           
20002328  command_flag_stop             
000050f1  copysign                      
000050f1  copysignl                     
00002fd9  cyBOT_SERVO_cal               
00002f67  cyBOT_Scan                    
00002f0f  cyBOT_init_Scan               
20002344  cyBOT_scan_features           
00002f01  cyBOT_scan_version            
0000031d  drive_to_object               
2000234c  errno                         
00002641  exp                           
00002641  expl                          
200022e0  fallingEdge                   
00004641  free                          
00004c45  frexp                         
00004c45  frexpl                        
00000b79  full_scan_alloc               
00000b6d  full_scan_data_free           
00000ab5  full_scan_update              
20000000  g_pfnRAMVectors               
00000000  g_pfnVectors                  
0000028b  get_filtered_distance         
000016e3  go_charge                     
000042cb  ir_enableInterrupt            
000042ad  ir_getDistance                
00004285  ir_getValue                   
0000421d  ir_init                       
200022f8  isRisingEdge                  
20002331  is_manual_mode                
200022e4  isr_int_value                 
20002330  last_received_char            
000051cb  lcd_clear                     
00002b3d  lcd_gotoLine                  
000029a5  lcd_init                      
00002ba3  lcd_printf                    
00002a65  lcd_putc                      
00002a9d  lcd_puts                      
00002969  lcd_reverseNibble             
00002abb  lcd_sendCommand               
00002af9  lcd_sendNibble                
00002b65  lcd_setCursorPos              
00004335  ldexp                         
00004335  ldexpl                        
200022e8  left_calibration_value        
00000de1  main                          
00005215  malloc                        
00000d9d  manual_mode                   
00004445  memalign                      
000050d5  memccpy                       
000047d7  memcpy                        
00004a1d  memset                        
200022fc  motor_cal_factor_L            
20002300  motor_cal_factor_R            
00003a1d  move_backward                 
000039b1  move_forward                  
00000fd1  oi_alloc                      
0000180d  oi_checkFirmware              
0000102b  oi_close                      
00000fdd  oi_free                       
00001b51  oi_getMotorCalibrationLeft    
00001b65  oi_getMotorCalibrationRight   
00001015  oi_init                       
00000fed  oi_init_noupdate              
00001679  oi_loadSong                   
0000513b  oi_parseInt                   
0000108f  oi_parsePacket                
000016cf  oi_play_song                  
000015af  oi_setLeds                    
00001b15  oi_setMotorCalibration        
000015f3  oi_setWheels                  
000018b5  oi_shutoff_init               
000016f1  oi_uartInit                   
00001795  oi_uartReceive                
000017db  oi_uartSendBuff               
00001779  oi_uartSendChar               
000017bd  oi_uartSendStr                
0000103d  oi_update                     
00003737  ping_getDistance              
000035f5  ping_init                     
0000367b  ping_trigger                  
00000c5d  process_manual_command        
200022ec  pulseLength                   
200022f0  right_calibration_value       
200022f4  risingEdge                    
00004335  scalbn                        
00004335  scalbnl                       
00000615  scan_and_detect_objects       
00000b3d  scan_send                     
00000b87  sendBytes                     
00000be3  sendBytesInt                  
00003d2d  servo_init                    
00003dbd  servo_move                    
20002348  servo_position                
00003e1d  servo_setPWM                  
00003db1  servo_stop                    
00004e7d  sprintf                       
0000516b  strchr                        
00005153  strcmp                        
00005181  strcpy                        
0000026d  string_Printf                 
00005195  strlen                        
000034cb  timer_getMicros               
00003473  timer_getMillis               
000033ad  timer_init                    
0000344f  timer_pause                   
00003461  timer_resume                  
00003425  timer_stop                    
00003525  timer_waitMicros              
00003557  timer_waitMillis              
00003a8d  turn_left                     
00003af3  turn_right                    
00003161  uart_interrupt_init           
0000323f  uart_receive                  
00003253  uart_receive_nonblocking      
00003223  uart_sendChar                 
00003277  uart_sendStr                  
00004ebd  vsnprintf                     
000051a9  wcslen                        


GLOBAL SYMBOLS: SORTED BY Symbol Address 

address   name                          
-------   ----                          
00000000  __TI_static_base__            
00000000  g_pfnVectors                  
0000026d  string_Printf                 
0000028b  get_filtered_distance         
0000031d  drive_to_object               
00000615  scan_and_detect_objects       
00000ab5  full_scan_update              
00000b3d  scan_send                     
00000b6d  full_scan_data_free           
00000b79  full_scan_alloc               
00000b87  sendBytes                     
00000be3  sendBytesInt                  
00000c5d  process_manual_command        
00000d9d  manual_mode                   
00000de1  main                          
00000fd1  oi_alloc                      
00000fdd  oi_free                       
00000fed  oi_init_noupdate              
00001000  __STACK_SIZE                  
00001000  __SYSMEM_SIZE                 
00001015  oi_init                       
0000102b  oi_close                      
0000103d  oi_update                     
0000108f  oi_parsePacket                
000015af  oi_setLeds                    
000015f3  oi_setWheels                  
00001679  oi_loadSong                   
000016cf  oi_play_song                  
000016e3  go_charge                     
000016f1  oi_uartInit                   
00001779  oi_uartSendChar               
00001795  oi_uartReceive                
000017bd  oi_uartSendStr                
000017db  oi_uartSendBuff               
0000180d  oi_checkFirmware              
000018b5  oi_shutoff_init               
00001927  GPIOF_Handler                 
00001b15  oi_setMotorCalibration        
00001b51  oi_getMotorCalibrationLeft    
00001b65  oi_getMotorCalibrationRight   
00001bf1  __TI_printfi                  
0000263f  _nop                          
00002641  exp                           
00002641  expl                          
00002969  lcd_reverseNibble             
000029a5  lcd_init                      
00002a65  lcd_putc                      
00002a9d  lcd_puts                      
00002abb  lcd_sendCommand               
00002af9  lcd_sendNibble                
00002b3d  lcd_gotoLine                  
00002b65  lcd_setCursorPos              
00002ba3  lcd_printf                    
00002f01  cyBOT_scan_version            
00002f0f  cyBOT_init_Scan               
00002f67  cyBOT_Scan                    
00002fd9  cyBOT_SERVO_cal               
00003161  uart_interrupt_init           
00003223  uart_sendChar                 
0000323f  uart_receive                  
00003253  uart_receive_nonblocking      
00003277  uart_sendStr                  
00003295  UART1_Handler                 
000033ad  timer_init                    
00003425  timer_stop                    
0000344f  timer_pause                   
00003461  timer_resume                  
00003473  timer_getMillis               
000034cb  timer_getMicros               
00003525  timer_waitMicros              
00003557  timer_waitMillis              
000035f5  ping_init                     
0000367b  ping_trigger                  
000036e5  TIMER3B_Handler               
00003737  ping_getDistance              
000039b1  move_forward                  
00003a1d  move_backward                 
00003a8d  turn_left                     
00003af3  turn_right                    
00003b75  __aeabi_dsub                  
00003b7f  __aeabi_dadd                  
00003d2b  __aeabi_idiv0                 
00003d2b  __aeabi_ldiv0                 
00003d2d  servo_init                    
00003db1  servo_stop                    
00003dbd  servo_move                    
00003e1d  servo_setPWM                  
00003fc1  __aeabi_ddiv                  
0000421d  ir_init                       
00004285  ir_getValue                   
000042ad  ir_getDistance                
000042b5  ADC0SS0_Handler               
000042cb  ir_enableInterrupt            
00004335  ldexp                         
00004335  ldexpl                        
00004335  scalbn                        
00004335  scalbnl                       
00004445  aligned_alloc                 
00004445  memalign                      
00004545  __aeabi_dmul                  
00004641  free                          
000047d7  __aeabi_memcpy                
000047d7  __aeabi_memcpy4               
000047d7  __aeabi_memcpy8               
000047d7  memcpy                        
00004873  __aeabi_uldivmod              
00004909  __aeabi_cdcmpeq               
00004909  __aeabi_cdcmple               
0000498f  __aeabi_cdrcmple              
00004a15  __aeabi_memclr                
00004a15  __aeabi_memclr4               
00004a15  __aeabi_memclr8               
00004a17  __aeabi_memset                
00004a17  __aeabi_memset4               
00004a17  __aeabi_memset8               
00004a1d  memset                        
00004b6f  __aeabi_d2f                   
00004bdd  __TI_decompress_lzss          
00004c45  frexp                         
00004c45  frexpl                        
00004cff  __TI_ltoa                     
00004da5  atoi                          
00004df1  __aeabi_d2iz                  
00004e39  __TI_auto_init_nobinit_nopinit
00004e7d  sprintf                       
00004ebd  vsnprintf                     
00004f3d  calloc                        
00004f75  __aeabi_f2d                   
00004fad  IntRegister                   
00004fe1  _c_int00_noargs               
00005045  __aeabi_i2d                   
0000509d  __TI_zero_init_nomemset       
000050d5  memccpy                       
000050f1  copysign                      
000050f1  copysignl                     
0000513b  oi_parseInt                   
00005153  strcmp                        
0000516b  strchr                        
00005181  strcpy                        
00005195  strlen                        
000051a9  wcslen                        
000051bb  IntMasterEnable               
000051cb  lcd_clear                     
000051db  __TI_decompress_none          
000051e9  CPUcpsie                      
000051f5  ResetISR                      
0000520d  __aeabi_errno_addr            
00005215  malloc                        
0000521d  _system_pre_init              
00005221  C$$EXIT                       
00005221  abort                         
00005228  _ctypes_                      
000053a0  __TI_Handler_Table_Base       
000053ac  __TI_Handler_Table_Limit      
000053c0  __TI_CINIT_Base               
000053d8  __TI_CINIT_Limit              
20000000  __start___llvm_prf_cnts       
20000000  __stop___llvm_prf_cnts        
20000000  g_pfnRAMVectors               
20000270  __stack                       
20000470  __STACK_TOP                   
20001270  __STACK_END                   
20001270  _sys_memory                   
200022dc  _timeout_ticks                
200022e0  fallingEdge                   
200022e4  isr_int_value                 
200022e8  left_calibration_value        
200022ec  pulseLength                   
200022f0  right_calibration_value       
200022f4  risingEdge                    
200022f8  isRisingEdge                  
200022fc  motor_cal_factor_L            
20002300  motor_cal_factor_R            
2000231c  command_byte_go               
20002320  command_flag_go               
20002324  command_byte_stop             
20002328  command_flag_stop             
2000232c  command_flag_manual           
20002330  last_received_char            
20002331  is_manual_mode                
20002332  _running                      
20002334  _lock                         
20002338  _unlock                       
20002344  cyBOT_scan_features           
20002348  servo_position                
2000234c  errno                         
ffffffff  __TI_pprof_out_hndl           
ffffffff  __TI_prof_data_size           
ffffffff  __TI_prof_data_start          
ffffffff  __binit__                     
ffffffff  __c_args__                    
ffffffff  binit                         
UNDEFED   __mpu_init                    
UNDEFED   _system_post_cinit            

[194 symbols]
