******************************************************************************
                  TI ARM Linker PC v20.2.7                     
******************************************************************************
>> Linked Tue Mar 25 21:57:21 2025

OUTPUT FILE NAME:   <Lab8.out>
ENTRY POINT SYMBOL: "_c_int00_noargs"  address: 00005051


MEMORY CONFIGURATION

         name            origin    length      used     unused   attr    fill
----------------------  --------  ---------  --------  --------  ----  --------
  RAM                   00000020   ffffffe0  00007761  ffff887f  RWIX


SEGMENT ALLOCATION MAP

run origin  load origin   length   init length attrs members
----------  ----------- ---------- ----------- ----- -------
00000020    00000020    000053d3   000053d3    r-x
  00000020    00000020    00005288   00005288    r-x .text
  000052a8    000052a8    0000014b   0000014b    r-- .const
000053f4    000053f4    000000cd   00000000    rw-
  000053f4    000053f4    00000089   00000000    rw- .bss
  00005480    00005480    00000041   00000000    rw- .data
000054c8    000054c8    00002000   00000000    rw-
  000054c8    000054c8    00001000   00000000    rw- .stack
  000064c8    000064c8    00001000   00000000    rw- .sysmem
000074c8    000074c8    00000058   00000058    r--
  000074c8    000074c8    00000058   00000058    r-- .cinit
00007800    00007800    0000026c   00000000    rw-
  00007800    00007800    0000026c   00000000    rw- .vtable


SECTION ALLOCATION MAP

 output                                  attributes/
section   page    origin      length       input sections
--------  ----  ----------  ----------   ----------------
.text      0    00000020    00005288     
                  00000020    00000c20     open_interface.obj (.text)
                  00000c40    00000a88     functions.obj (.text)
                  000016c8    00000a4e     rtsv7M4_T_le_v4SPD16_eabi.lib : _printfi.c.obj (.text:__TI_printfi)
                  00002116    00000002                                   : _lock.c.obj (.text:_nop)
                  00002118    000005b4     movement.obj (.text)
                  000026cc    00000328     rtsv7M4_T_le_v4SPD16_eabi.lib : e_exp.c.obj (.text:exp)
                  000029f4    00000328     lcd.obj (.text)
                  00002d1c    00000270     rtsv7M4_T_le_v4SPD16_eabi.lib : _printfi.c.obj (.text:_pconv_a)
                  00002f8c    00000260     libcybotScan.lib : cyBot_Scan.obj (.text)
                  000031ec    00000248     Timer.obj (.text)
                  00003434    000001ec     libcybotScan.lib : ping.obj (.text)
                  00003620    000001d0     rtsv7M4_T_le_v4SPD16_eabi.lib : _printfi.c.obj (.text:_pconv_g)
                  000037f0    000001c4     uart-interrupt.obj (.text)
                  000039b4    000001b6     rtsv7M4_T_le_v4SPD16_eabi.lib : fd_add_t2.asm.obj (.text)
                  00003b6a    00000002                                   : div0.asm.obj (.text)
                  00003b6c    00000158     libcybotScan.lib : servo.obj (.text)
                  00003cc4    0000014c     adc.obj (.text)
                  00003e10    0000013c     rtsv7M4_T_le_v4SPD16_eabi.lib : _printfi.c.obj (.text:_pconv_e)
                  00003f4c    00000136                                   : fd_div_t2.asm.obj (.text)
                  00004082    00000002     --HOLE-- [fill = 0]
                  00004084    00000124                                   : _printfi.c.obj (.text:fcvt)
                  000041a8    00000118     libcybotScan.lib : ir.obj (.text)
                  000042c0    00000110     rtsv7M4_T_le_v4SPD16_eabi.lib : s_scalbn.c.obj (.text:scalbn)
                  000043d0    00000100                                   : memory.c.obj (.text:aligned_alloc)
                  000044d0    000000fc                                   : fd_mul_t2.asm.obj (.text)
                  000045cc    000000e4                                   : memory.c.obj (.text:free)
                  000046b0    000000e4     main.obj (.text)
                  00004794    000000b1     rtsv7M4_T_le_v4SPD16_eabi.lib : _printfi.c.obj (.text:_ltostr)
                  00004845    00000001     --HOLE-- [fill = 0]
                  00004846    0000009c                                   : memcpy_t2.asm.obj (.text)
                  000048e2    00000096                                   : ull_div_t2.asm.obj (.text)
                  00004978    00000086                                   : fd_cmp_t2.asm.obj (.text:__aeabi_cdcmple)
                  000049fe    00000086                                   : fd_cmp_t2.asm.obj (.text:__aeabi_cdrcmple)
                  00004a84    0000007a                                   : memset_t2.asm.obj (.text)
                  00004afe    00000002     --HOLE-- [fill = 0]
                  00004b00    00000070                                   : memory.c.obj (.text:split)
                  00004b70    0000006e                                   : _printfi.c.obj (.text:_mcpy)
                  00004bde    0000006e                                   : fd_tos_t2.asm.obj (.text)
                  00004c4c    00000068                                   : copy_decompress_lzss.c.obj (.text:decompress:lzss:__TI_decompress_lzss)
                  00004cb4    00000064                                   : s_frexp.c.obj (.text:frexp)
                  00004d18    00000056                                   : _printfi.c.obj (.text:_pconv_f)
                  00004d6e    00000054                                   : _ltoa.c.obj (.text:__TI_ltoa)
                  00004dc2    00000052                                   : _printfi.c.obj (.text:_ecpy)
                  00004e14    0000004c                                   : atoi.c.obj (.text:atoi)
                  00004e60    00000048                                   : fd_toi_t2.asm.obj (.text)
                  00004ea8    00000044                                   : autoinit.c.obj (.text:__TI_auto_init_nobinit_nopinit:__TI_auto_init_nobinit_nopinit)
                  00004eec    00000040                                   : sprintf.c.obj (.text:sprintf)
                  00004f2c    00000040                                   : vsnprintf.c.obj (.text:vsnprintf)
                  00004f6c    0000003e                                   : _printfi.c.obj (.text:_fcpy)
                  00004faa    00000002     --HOLE-- [fill = 0]
                  00004fac    00000038                                   : memory.c.obj (.text:calloc)
                  00004fe4    00000038                                   : fs_tod_t2.asm.obj (.text)
                  0000501c    00000034     driverlib.lib : interrupt.obj (.text:IntRegister)
                  00005050    00000034     rtsv7M4_T_le_v4SPD16_eabi.lib : boot_cortex_m.c.obj (.text:_c_int00_noargs:_c_int00_noargs)
                  00005084    00000030                                   : vsnprintf.c.obj (.text:_outs)
                  000050b4    0000002e                                   : i_tofd_t2.asm.obj (.text)
                  000050e2    00000002     --HOLE-- [fill = 0]
                  000050e4    00000028                                   : memory.c.obj (.text:free_list_insert)
                  0000510c    00000020                                   : u_tofd_t2.asm.obj (.text)
                  0000512c    0000001c                                   : copy_zero_init.c.obj (.text:decompress:ZI:__TI_zero_init_nomemset:__TI_zero_init_nomemset)
                  00005148    0000001c                                   : memory.c.obj (.text:free_list_remove)
                  00005164    0000001c                                   : memccpy.c.obj (.text:memccpy)
                  00005180    0000001a                                   : s_copysign.c.obj (.text:copysign)
                  0000519a    00000018                                   : vsnprintf.c.obj (.text:_outc)
                  000051b2    00000018                                   : sprintf.c.obj (.text:_outs)
                  000051ca    00000018     open_interface.obj (.text:oi_parseInt)
                  000051e2    00000018     rtsv7M4_T_le_v4SPD16_eabi.lib : strcmp.c.obj (.text:strcmp)
                  000051fa    00000016                                   : strchr.c.obj (.text:strchr)
                  00005210    00000014                                   : strcpy.c.obj (.text:strcpy)
                  00005224    00000014                                   : strlen.c.obj (.text:strlen)
                  00005238    00000012                                   : wcslen.c.obj (.text:wcslen)
                  0000524a    00000010     driverlib.lib : interrupt.obj (.text:IntMasterEnable)
                  0000525a    00000010     lcd.obj (.text:lcd_clear)
                  0000526a    0000000e     rtsv7M4_T_le_v4SPD16_eabi.lib : copy_decompress_none.c.obj (.text:decompress:none:__TI_decompress_none)
                  00005278    0000000c     driverlib.lib : cpu.obj (.text:CPUcpsie)
                  00005284    0000000a     rtsv7M4_T_le_v4SPD16_eabi.lib : sprintf.c.obj (.text:_outc)
                  0000528e    00000002     --HOLE-- [fill = 0]
                  00005290    00000008                                   : errno.c.obj (.text:__aeabi_errno_addr)
                  00005298    00000008                                   : memory.c.obj (.text:malloc)
                  000052a0    00000004                                   : pre_init.c.obj (.text:_system_pre_init)
                  000052a4    00000004                                   : exit.c.obj (.text:abort:abort)

.const     0    000052a8    0000014b     
                  000052a8    00000101     rtsv7M4_T_le_v4SPD16_eabi.lib : ctype.c.obj (.const:.string:_ctypes_)
                  000053a9    00000004     lcd.obj (.const:.string:lineAddress$1)
                  000053ad    00000003     --HOLE-- [fill = 0]
                  000053b0    00000030     rtsv7M4_T_le_v4SPD16_eabi.lib : e_exp.c.obj (.const:$O1$$)
                  000053e0    0000000f     open_interface.obj (.const:.string:$P$T0$3)
                  000053ef    00000004     lcd.obj (.const:.string:lineAddresses$2)

.bss       0    000053f4    00000089     UNINITIALIZED
                  000053f4    00000054     lcd.obj (.bss:lastbuffer$3)
                  00005448    00000018     open_interface.obj (.bss:firmware$2)
                  00005460    00000004     (.common:_timeout_ticks)
                  00005464    00000004     (.common:fallingEdge)
                  00005468    00000004     (.common:isr_int_value)
                  0000546c    00000004     (.common:left_calibration_value)
                  00005470    00000004     (.common:pulseLength)
                  00005474    00000004     (.common:right_calibration_value)
                  00005478    00000004     (.common:risingEdge)
                  0000547c    00000001     (.common:isRisingEdge)

.data      0    00005480    00000041     UNINITIALIZED
                  00005480    00000020     open_interface.obj (.data)
                  000054a0    00000008     rtsv7M4_T_le_v4SPD16_eabi.lib : _lock.c.obj (.data:$O1$$)
                  000054a8    00000008                                   : memory.c.obj (.data:$O1$$)
                  000054b0    00000008     uart-interrupt.obj (.data)
                  000054b8    00000004     libcybotScan.lib : cyBot_Scan.obj (.data)
                  000054bc    00000004     rtsv7M4_T_le_v4SPD16_eabi.lib : errno.c.obj (.data)
                  000054c0    00000001     Timer.obj (.data)

.cinit     0    000074c8    00000058     
                  000074c8    0000001f     (.cinit..data.load) [load image, compression = lzss]
                  000074e7    00000001     --HOLE-- [fill = 0]
                  000074e8    0000000c     (__TI_handler_table)
                  000074f4    00000004     --HOLE-- [fill = 0]
                  000074f8    00000008     (.cinit..bss.load) [load image, compression = zero_init]
                  00007500    00000008     (.cinit..vtable.load) [load image, compression = zero_init]
                  00007508    00000018     (__TI_cinit_table)

.init_array 
*          0    00000020    00000000     UNINITIALIZED

__llvm_prf_cnts 
*          0    00000020    00000000     UNINITIALIZED

.stack     0    000054c8    00001000     UNINITIALIZED
                  000054c8    00000004     rtsv7M4_T_le_v4SPD16_eabi.lib : boot_cortex_m.c.obj (.stack)
                  000054cc    00000ffc     --HOLE--

.sysmem    0    000064c8    00001000     UNINITIALIZED
                  000064c8    00000010     rtsv7M4_T_le_v4SPD16_eabi.lib : memory.c.obj (.sysmem)
                  000064d8    00000ff0     --HOLE--

.vtable    0    00007800    0000026c     UNINITIALIZED
                  00007800    0000026c     driverlib.lib : interrupt.obj (.vtable)

MODULE SUMMARY

       Module                       code    ro data   rw data
       ------                       ----    -------   -------
    .\
       open_interface.obj           3128    15        56     
       functions.obj                2696    0         8      
       movement.obj                 1460    0         0      
       lcd.obj                      824     8         84     
       Timer.obj                    584     0         5      
       uart-interrupt.obj           452     0         8      
       adc.obj                      332     0         0      
       main.obj                     228     0         0      
    +--+----------------------------+-------+---------+---------+
       Total:                       9704    23        161    
                                                             
    ../libcybotScan.lib
       cyBot_Scan.obj               608     0         4      
       ping.obj                     492     0         13     
       servo.obj                    344     0         0      
       ir.obj                       280     0         4      
    +--+----------------------------+-------+---------+---------+
       Total:                       1724    0         21     
                                                             
    C:/ti/TivaWare_C_Series-2.2.0.295/driverlib/ccs/Debug/driverlib.lib
       interrupt.obj                68      0         620    
       cpu.obj                      12      0         0      
    +--+----------------------------+-------+---------+---------+
       Total:                       80      0         620    
                                                             
    C:\ti\ccs1271\ccs\tools\compiler\ti-cgt-arm_20.2.7.LTS\lib\rtsv7M4_T_le_v4SPD16_eabi.lib
       _printfi.c.obj               4851    0         0      
       e_exp.c.obj                  808     48        0      
       memory.c.obj                 728     0         8      
       fd_add_t2.asm.obj            438     0         0      
       fd_div_t2.asm.obj            310     0         0      
       s_scalbn.c.obj               272     0         0      
       fd_cmp_t2.asm.obj            268     0         0      
       ctype.c.obj                  0       257       0      
       fd_mul_t2.asm.obj            252     0         0      
       memcpy_t2.asm.obj            156     0         0      
       ull_div_t2.asm.obj           150     0         0      
       vsnprintf.c.obj              136     0         0      
       memset_t2.asm.obj            122     0         0      
       fd_tos_t2.asm.obj            110     0         0      
       copy_decompress_lzss.c.obj   104     0         0      
       s_frexp.c.obj                100     0         0      
       sprintf.c.obj                98      0         0      
       _ltoa.c.obj                  84      0         0      
       atoi.c.obj                   76      0         0      
       fd_toi_t2.asm.obj            72      0         0      
       autoinit.c.obj               68      0         0      
       fs_tod_t2.asm.obj            56      0         0      
       boot_cortex_m.c.obj          52      0         0      
       i_tofd_t2.asm.obj            46      0         0      
       u_tofd_t2.asm.obj            32      0         0      
       copy_zero_init.c.obj         28      0         0      
       memccpy.c.obj                28      0         0      
       s_copysign.c.obj             26      0         0      
       strcmp.c.obj                 24      0         0      
       strchr.c.obj                 22      0         0      
       strcpy.c.obj                 20      0         0      
       strlen.c.obj                 20      0         0      
       wcslen.c.obj                 18      0         0      
       copy_decompress_none.c.obj   14      0         0      
       errno.c.obj                  8       0         4      
       _lock.c.obj                  2       0         8      
       exit.c.obj                   4       0         0      
       pre_init.c.obj               4       0         0      
       div0.asm.obj                 2       0         0      
    +--+----------------------------+-------+---------+---------+
       Total:                       9609    305       20     
                                                             
       Heap:                        0       0         4096   
       Stack:                       0       0         4096   
       Linker Generated:            0       83        0      
    +--+----------------------------+-------+---------+---------+
       Grand Total:                 21117   411       9014   


LINKER GENERATED COPY TABLES

__TI_cinit_table @ 00007508 records: 3, size/record: 8, table size: 24
	.data: load addr=000074c8, load size=0000001f bytes, run addr=00005480, run size=00000041 bytes, compression=lzss
	.bss: load addr=000074f8, load size=00000008 bytes, run addr=000053f4, run size=00000089 bytes, compression=zero_init
	.vtable: load addr=00007500, load size=00000008 bytes, run addr=00007800, run size=0000026c bytes, compression=zero_init


LINKER GENERATED HANDLER TABLE

__TI_handler_table @ 000074e8 records: 3, size/record: 4, table size: 12
	index: 0, handler: __TI_decompress_lzss
	index: 1, handler: __TI_decompress_none
	index: 2, handler: __TI_zero_init


GLOBAL SYMBOLS: SORTED ALPHABETICALLY BY Name 

address   name                          
-------   ----                          
00004241  ADC0SS0_Handler               
000052a5  C$$EXIT                       
00005279  CPUcpsie                      
00000977  GPIOF_Handler                 
0000524b  IntMasterEnable               
0000501d  IntRegister                   
00003525  TIMER3B_Handler               
0000390f  UART1_Handler                 
000064c8  __STACK_END                   
00001000  __STACK_SIZE                  
00001000  __SYSMEM_SIZE                 
00007508  __TI_CINIT_Base               
00007520  __TI_CINIT_Limit              
000074e8  __TI_Handler_Table_Base       
000074f4  __TI_Handler_Table_Limit      
00004ea9  __TI_auto_init_nobinit_nopinit
00004c4d  __TI_decompress_lzss          
0000526b  __TI_decompress_none          
00004d6f  __TI_ltoa                     
ffffffff  __TI_pprof_out_hndl           
000016c9  __TI_printfi                  
ffffffff  __TI_prof_data_size           
ffffffff  __TI_prof_data_start          
000074c8  __TI_static_base__            
0000512d  __TI_zero_init_nomemset       
00004979  __aeabi_cdcmpeq               
00004979  __aeabi_cdcmple               
000049ff  __aeabi_cdrcmple              
00004bdf  __aeabi_d2f                   
00004e61  __aeabi_d2iz                  
000039bf  __aeabi_dadd                  
00003f4d  __aeabi_ddiv                  
000044d1  __aeabi_dmul                  
000039b5  __aeabi_dsub                  
00005291  __aeabi_errno_addr            
00004fe5  __aeabi_f2d                   
000050b5  __aeabi_i2d                   
00003b6b  __aeabi_idiv0                 
00003b6b  __aeabi_ldiv0                 
00004a85  __aeabi_memclr                
00004a85  __aeabi_memclr4               
00004a85  __aeabi_memclr8               
00004847  __aeabi_memcpy                
00004847  __aeabi_memcpy4               
00004847  __aeabi_memcpy8               
00004a87  __aeabi_memset                
00004a87  __aeabi_memset4               
00004a87  __aeabi_memset8               
0000510d  __aeabi_ui2d                  
000048e3  __aeabi_uldivmod              
ffffffff  __binit__                     
ffffffff  __c_args__                    
UNDEFED   __mpu_init                    
000054c8  __stack                       
00000020  __start___llvm_prf_cnts       
00000020  __stop___llvm_prf_cnts        
00005051  _c_int00_noargs               
000052a8  _ctypes_                      
000054a0  _lock                         
00002117  _nop                          
000054c0  _running                      
000064c8  _sys_memory                   
UNDEFED   _system_post_cinit            
000052a1  _system_pre_init              
00005460  _timeout_ticks                
000054a4  _unlock                       
000052a5  abort                         
00003cc5  adc_init                      
00003d57  adc_read                      
00003d91  adc_sample_averager           
000043d1  aligned_alloc                 
00004e15  atoi                          
00001561  auto_driving                  
000025e7  auto_forward                  
0000254f  avoidance                     
ffffffff  binit                         
00004fad  calloc                        
000054b0  command_byte_toggle           
000054b4  command_flag_toggle           
000013c7  controlled_driving            
00005181  copysign                      
00005181  copysignl                     
00003065  cyBOT_SERVO_cal               
00002ff3  cyBOT_Scan                    
00002f9b  cyBOT_init_Scan               
000054b8  cyBOT_scan_features           
00002f8d  cyBOT_scan_version            
00000e09  dist_scan_update              
000054bc  errno                         
000026cd  exp                           
000026cd  expl                          
00005464  fallingEdge                   
00000f77  find_objects_full             
00000e45  find_objects_pos              
000045cd  free                          
00004cb5  frexp                         
00004cb5  frexpl                        
00000ce5  full_scan_alloc               
00000cf3  full_scan_data_free           
00001181  full_scan_data_send           
00000d83  full_scan_update              
00007800  g_pfnRAMVectors               
00000733  go_charge                     
00004257  ir_enableInterrupt            
00004239  ir_getDistance                
00004211  ir_getValue                   
000041a9  ir_init                       
0000148b  ir_init_output                
0000547c  isRisingEdge                  
00005468  isr_int_value                 
0000525b  lcd_clear                     
00002bc9  lcd_gotoLine                  
00002a31  lcd_init                      
00002c2f  lcd_printf                    
00002af1  lcd_putc                      
00002b29  lcd_puts                      
000029f5  lcd_reverseNibble             
00002b47  lcd_sendCommand               
00002b85  lcd_sendNibble                
00002bf1  lcd_setCursorPos              
000042c1  ldexp                         
000042c1  ldexpl                        
0000546c  left_calibration_value        
000046b1  main                          
00005299  malloc                        
000043d1  memalign                      
00005165  memccpy                       
00004847  memcpy                        
00004a8d  memset                        
00005480  motor_cal_factor_L            
00005484  motor_cal_factor_R            
000021eb  move_backward                 
00002265  move_backward_spd             
00002119  move_forward                  
00002181  move_forward_spd              
0000123d  object_data_send              
00000021  oi_alloc                      
0000085d  oi_checkFirmware              
0000007b  oi_close                      
0000002d  oi_free                       
00000ba1  oi_getMotorCalibrationLeft    
00000bb5  oi_getMotorCalibrationRight   
00000065  oi_init                       
0000003d  oi_init_noupdate              
000006c9  oi_loadSong                   
000051cb  oi_parseInt                   
000000df  oi_parsePacket                
0000071f  oi_play_song                  
000005ff  oi_setLeds                    
00000b65  oi_setMotorCalibration        
00000643  oi_setWheels                  
00000905  oi_shutoff_init               
00000741  oi_uartInit                   
000007e5  oi_uartReceive                
0000082b  oi_uartSendBuff               
000007c9  oi_uartSendChar               
0000080d  oi_uartSendStr                
0000008d  oi_update                     
00003577  ping_getDistance              
00003435  ping_init                     
000034bb  ping_trigger                  
00005470  pulseLength                   
0000108d  reset_objects                 
00005474  right_calibration_value       
00005478  risingEdge                    
000042c1  scalbn                        
000042c1  scalbnl                       
00000ccd  scan_alloc                    
00000cd9  scan_data_free                
00000d5b  scan_objs                     
00000cff  scan_path                     
0000112d  scan_send                     
00000c41  sendBytes                     
00000c87  sendBytesInt                  
00003b6d  servo_init                    
00003bfd  servo_move                    
00003c5d  servo_setPWM                  
00003bf1  servo_stop                    
00001331  smallest_object               
00004eed  sprintf                       
000024d9  square                        
000051fb  strchr                        
000051e3  strcmp                        
00005211  strcpy                        
00005225  strlen                        
0000330b  timer_getMicros               
000032b3  timer_getMillis               
000031ed  timer_init                    
0000328f  timer_pause                   
000032a1  timer_resume                  
00003265  timer_stop                    
00003365  timer_waitMicros              
00003397  timer_waitMillis              
000023eb  turn_left                     
00002463  turn_left_spd                 
000022e1  turn_right                    
00002363  turn_right_spd                
00001619  turning_init                  
000037f1  uart_interrupt_init           
000038cb  uart_receive                  
000038af  uart_sendChar                 
000038f1  uart_sendStr                  
00004f2d  vsnprintf                     
00005239  wcslen                        


GLOBAL SYMBOLS: SORTED BY Symbol Address 

address   name                          
-------   ----                          
00000020  __start___llvm_prf_cnts       
00000020  __stop___llvm_prf_cnts        
00000021  oi_alloc                      
0000002d  oi_free                       
0000003d  oi_init_noupdate              
00000065  oi_init                       
0000007b  oi_close                      
0000008d  oi_update                     
000000df  oi_parsePacket                
000005ff  oi_setLeds                    
00000643  oi_setWheels                  
000006c9  oi_loadSong                   
0000071f  oi_play_song                  
00000733  go_charge                     
00000741  oi_uartInit                   
000007c9  oi_uartSendChar               
000007e5  oi_uartReceive                
0000080d  oi_uartSendStr                
0000082b  oi_uartSendBuff               
0000085d  oi_checkFirmware              
00000905  oi_shutoff_init               
00000977  GPIOF_Handler                 
00000b65  oi_setMotorCalibration        
00000ba1  oi_getMotorCalibrationLeft    
00000bb5  oi_getMotorCalibrationRight   
00000c41  sendBytes                     
00000c87  sendBytesInt                  
00000ccd  scan_alloc                    
00000cd9  scan_data_free                
00000ce5  full_scan_alloc               
00000cf3  full_scan_data_free           
00000cff  scan_path                     
00000d5b  scan_objs                     
00000d83  full_scan_update              
00000e09  dist_scan_update              
00000e45  find_objects_pos              
00000f77  find_objects_full             
00001000  __STACK_SIZE                  
00001000  __SYSMEM_SIZE                 
0000108d  reset_objects                 
0000112d  scan_send                     
00001181  full_scan_data_send           
0000123d  object_data_send              
00001331  smallest_object               
000013c7  controlled_driving            
0000148b  ir_init_output                
00001561  auto_driving                  
00001619  turning_init                  
000016c9  __TI_printfi                  
00002117  _nop                          
00002119  move_forward                  
00002181  move_forward_spd              
000021eb  move_backward                 
00002265  move_backward_spd             
000022e1  turn_right                    
00002363  turn_right_spd                
000023eb  turn_left                     
00002463  turn_left_spd                 
000024d9  square                        
0000254f  avoidance                     
000025e7  auto_forward                  
000026cd  exp                           
000026cd  expl                          
000029f5  lcd_reverseNibble             
00002a31  lcd_init                      
00002af1  lcd_putc                      
00002b29  lcd_puts                      
00002b47  lcd_sendCommand               
00002b85  lcd_sendNibble                
00002bc9  lcd_gotoLine                  
00002bf1  lcd_setCursorPos              
00002c2f  lcd_printf                    
00002f8d  cyBOT_scan_version            
00002f9b  cyBOT_init_Scan               
00002ff3  cyBOT_Scan                    
00003065  cyBOT_SERVO_cal               
000031ed  timer_init                    
00003265  timer_stop                    
0000328f  timer_pause                   
000032a1  timer_resume                  
000032b3  timer_getMillis               
0000330b  timer_getMicros               
00003365  timer_waitMicros              
00003397  timer_waitMillis              
00003435  ping_init                     
000034bb  ping_trigger                  
00003525  TIMER3B_Handler               
00003577  ping_getDistance              
000037f1  uart_interrupt_init           
000038af  uart_sendChar                 
000038cb  uart_receive                  
000038f1  uart_sendStr                  
0000390f  UART1_Handler                 
000039b5  __aeabi_dsub                  
000039bf  __aeabi_dadd                  
00003b6b  __aeabi_idiv0                 
00003b6b  __aeabi_ldiv0                 
00003b6d  servo_init                    
00003bf1  servo_stop                    
00003bfd  servo_move                    
00003c5d  servo_setPWM                  
00003cc5  adc_init                      
00003d57  adc_read                      
00003d91  adc_sample_averager           
00003f4d  __aeabi_ddiv                  
000041a9  ir_init                       
00004211  ir_getValue                   
00004239  ir_getDistance                
00004241  ADC0SS0_Handler               
00004257  ir_enableInterrupt            
000042c1  ldexp                         
000042c1  ldexpl                        
000042c1  scalbn                        
000042c1  scalbnl                       
000043d1  aligned_alloc                 
000043d1  memalign                      
000044d1  __aeabi_dmul                  
000045cd  free                          
000046b1  main                          
00004847  __aeabi_memcpy                
00004847  __aeabi_memcpy4               
00004847  __aeabi_memcpy8               
00004847  memcpy                        
000048e3  __aeabi_uldivmod              
00004979  __aeabi_cdcmpeq               
00004979  __aeabi_cdcmple               
000049ff  __aeabi_cdrcmple              
00004a85  __aeabi_memclr                
00004a85  __aeabi_memclr4               
00004a85  __aeabi_memclr8               
00004a87  __aeabi_memset                
00004a87  __aeabi_memset4               
00004a87  __aeabi_memset8               
00004a8d  memset                        
00004bdf  __aeabi_d2f                   
00004c4d  __TI_decompress_lzss          
00004cb5  frexp                         
00004cb5  frexpl                        
00004d6f  __TI_ltoa                     
00004e15  atoi                          
00004e61  __aeabi_d2iz                  
00004ea9  __TI_auto_init_nobinit_nopinit
00004eed  sprintf                       
00004f2d  vsnprintf                     
00004fad  calloc                        
00004fe5  __aeabi_f2d                   
0000501d  IntRegister                   
00005051  _c_int00_noargs               
000050b5  __aeabi_i2d                   
0000510d  __aeabi_ui2d                  
0000512d  __TI_zero_init_nomemset       
00005165  memccpy                       
00005181  copysign                      
00005181  copysignl                     
000051cb  oi_parseInt                   
000051e3  strcmp                        
000051fb  strchr                        
00005211  strcpy                        
00005225  strlen                        
00005239  wcslen                        
0000524b  IntMasterEnable               
0000525b  lcd_clear                     
0000526b  __TI_decompress_none          
00005279  CPUcpsie                      
00005291  __aeabi_errno_addr            
00005299  malloc                        
000052a1  _system_pre_init              
000052a5  C$$EXIT                       
000052a5  abort                         
000052a8  _ctypes_                      
00005460  _timeout_ticks                
00005464  fallingEdge                   
00005468  isr_int_value                 
0000546c  left_calibration_value        
00005470  pulseLength                   
00005474  right_calibration_value       
00005478  risingEdge                    
0000547c  isRisingEdge                  
00005480  motor_cal_factor_L            
00005484  motor_cal_factor_R            
000054a0  _lock                         
000054a4  _unlock                       
000054b0  command_byte_toggle           
000054b4  command_flag_toggle           
000054b8  cyBOT_scan_features           
000054bc  errno                         
000054c0  _running                      
000054c8  __stack                       
000064c8  __STACK_END                   
000064c8  _sys_memory                   
000074c8  __TI_static_base__            
000074e8  __TI_Handler_Table_Base       
000074f4  __TI_Handler_Table_Limit      
00007508  __TI_CINIT_Base               
00007520  __TI_CINIT_Limit              
00007800  g_pfnRAMVectors               
ffffffff  __TI_pprof_out_hndl           
ffffffff  __TI_prof_data_size           
ffffffff  __TI_prof_data_start          
ffffffff  __binit__                     
ffffffff  __c_args__                    
ffffffff  binit                         
UNDEFED   __mpu_init                    
UNDEFED   _system_post_cinit            

[204 symbols]
